#! /c/Source/iverilog-install/bin/vvp
:ivl_version "12.0 (devel)" "(s20150603-1539-g2693dd32b)";
:ivl_delay_selection "TYPICAL";
:vpi_time_precision + 0;
:vpi_module "C:\iverilog\lib\ivl\system.vpi";
:vpi_module "C:\iverilog\lib\ivl\vhdl_sys.vpi";
:vpi_module "C:\iverilog\lib\ivl\vhdl_textio.vpi";
:vpi_module "C:\iverilog\lib\ivl\v2005_math.vpi";
:vpi_module "C:\iverilog\lib\ivl\va_math.vpi";
:vpi_module "C:\iverilog\lib\ivl\v2009.vpi";
S_00000241b22b65e0 .scope package, "$unit" "$unit" 2 1;
 .timescale 0 0;
S_00000241b22b6770 .scope module, "test" "test" 3 1;
 .timescale 0 0;
P_00000241b22bb4d0 .param/l "clog2depth" 1 3 3, +C4<00000000000000000000000000000101>;
v00000241b2466770_0 .net/2u *"_ivl_1", 5 0, L_00000241b24746e0;  1 drivers
v00000241b2468220_0 .net/2u *"_ivl_2", 12 0, L_00000241b2474140;  1 drivers
L_00000241b24c6428 .functor BUFT 1, C4<0000000>, C4<0>, C4<0>, C4<0>;
v00000241b22b6900_0 .net/2u *"_ivl_5", 6 0, L_00000241b24c6428;  1 drivers
L_00000241b24c6470 .functor BUFT 1, C4<0000001111001>, C4<0>, C4<0>, C4<0>;
v00000241b22b69a0_0 .net/2u *"_ivl_6", 12 0, L_00000241b24c6470;  1 drivers
v00000241b2473650_0 .net *"_ivl_9", 12 0, L_00000241b2473ce0;  1 drivers
v00000241b24736f0_0 .var "btb", 3871 0;
v00000241b2473790_0 .var "clk", 0 0;
v00000241b2473830_0 .var "mem1", 1023 0;
v00000241b24738d0_0 .var/2s "n", 31 0;
v00000241b2474320_0 .net "tmp", 120 0, L_00000241b2474780;  1 drivers
E_00000241b22bb510 .event posedge, v00000241b2473790_0;
L_00000241b24746e0 .part v00000241b24738d0_0, 0, 6;
L_00000241b2474140 .concat [ 6 7 0 0], L_00000241b24746e0, L_00000241b24c6428;
L_00000241b2473ce0 .arith/mult 13, L_00000241b2474140, L_00000241b24c6470;
L_00000241b2474780 .part/v v00000241b24736f0_0, L_00000241b2473ce0, 121;
S_00000241b2469440 .scope begin, "$ivl_for_loop0" "$ivl_for_loop0" 3 39, 3 39 0, S_00000241b22b6770;
 .timescale 0 0;
v00000241b24668c0_0 .var/2s "i", 31 0;
    .scope S_00000241b22b6770;
T_0 ;
    %pushi/vec4 1, 0, 1;
    %store/vec4 v00000241b2473790_0, 0, 1;
T_0.0 ;
    %delay 5, 0;
    %load/vec4 v00000241b2473790_0;
    %inv;
    %store/vec4 v00000241b2473790_0, 0, 1;
    %jmp T_0.0;
    %end;
    .thread T_0;
    .scope S_00000241b22b6770;
T_1 ;
    %wait E_00000241b22bb510;
    %load/vec4 v00000241b24738d0_0;
    %pad/s 121;
    %ix/load 5, 0, 0;
    %load/vec4 v00000241b24738d0_0;
    %parti/s 5, 0, 2;
    %pad/u 12;
    %muli 121, 0, 12;
    %ix/vec4 4;
    %assign/vec4/off/d v00000241b24736f0_0, 4, 5;
    %jmp T_1;
    .thread T_1;
    .scope S_00000241b22b6770;
T_2 ;
    %pushi/vec4 0, 0, 32;
    %store/vec4 v00000241b24738d0_0, 0, 32;
T_2.0 ;
    %wait E_00000241b22bb510;
    ; show_stmt_assign_vector: Get l-value for compressed += operand
    %load/vec4 v00000241b24738d0_0;
    %pushi/vec4 1, 0, 32;
    %add;
    %cast2;
    %store/vec4 v00000241b24738d0_0, 0, 32;
    %load/vec4 v00000241b24738d0_0;
    %cmpi/s 32, 0, 32;
    %flag_or 5, 4; GT is !LE
    %flag_inv 5;
    %jmp/0xz  T_2.1, 5;
    %vpi_call/w 3 37 "$finish" {0 0 0};
T_2.1 ;
    %fork t_1, S_00000241b2469440;
    %jmp t_0;
    .scope S_00000241b2469440;
t_1 ;
    %pushi/vec4 0, 0, 32;
    %store/vec4 v00000241b24668c0_0, 0, 32;
T_2.3 ;
    %load/vec4 v00000241b24668c0_0;
    %cmpi/s 32, 0, 32;
    %jmp/0xz T_2.4, 5;
    %load/vec4 v00000241b2473830_0;
    %load/vec4 v00000241b24668c0_0;
    %pad/s 37;
    %muli 32, 0, 37;
    %part/s 32;
    %vpi_call/w 3 40 "$display", "%h", S<0,vec4,u32> {1 0 0};
    %load/vec4 v00000241b24736f0_0;
    %load/vec4 v00000241b24668c0_0;
    %pad/s 39;
    %muli 121, 0, 39;
    %addi 120, 0, 39;
    %part/s 1;
    %vpi_call/w 3 41 "$display", "%h", S<0,vec4,u1> {1 0 0};
    ; show_stmt_assign_vector: Get l-value for compressed += operand
    %load/vec4 v00000241b24668c0_0;
    %pushi/vec4 1, 0, 32;
    %add;
    %cast2;
    %store/vec4 v00000241b24668c0_0, 0, 32;
    %jmp T_2.3;
T_2.4 ;
    %end;
    .scope S_00000241b22b6770;
t_0 %join;
    %jmp T_2.0;
    %end;
    .thread T_2;
# The file index is used to find the file name in the following table.
:file_names 4;
    "N/A";
    "<interactive>";
    "-";
    "test.sv";
